------------------------------------------------------------
Timing Analyzer Summary
------------------------------------------------------------

Type  : Slow 1100mV 85C Model Setup 'CLOCK_125_p'
Slack : -0.483
TNS   : -1.161

Type  : Slow 1100mV 85C Model Hold 'CLOCK_125_p'
Slack : 0.439
TNS   : 0.000

Type  : Slow 1100mV 85C Model Minimum Pulse Width 'CLOCK_125_p'
Slack : -0.538
TNS   : -3.844

Type  : Slow 1100mV 0C Model Setup 'CLOCK_125_p'
Slack : -0.440
TNS   : -1.141

Type  : Slow 1100mV 0C Model Hold 'CLOCK_125_p'
Slack : 0.434
TNS   : 0.000

Type  : Slow 1100mV 0C Model Minimum Pulse Width 'CLOCK_125_p'
Slack : -0.538
TNS   : -3.969

Type  : Fast 1100mV 85C Model Setup 'CLOCK_125_p'
Slack : 0.286
TNS   : 0.000

Type  : Fast 1100mV 85C Model Hold 'CLOCK_125_p'
Slack : 0.183
TNS   : 0.000

Type  : Fast 1100mV 85C Model Minimum Pulse Width 'CLOCK_125_p'
Slack : 0.108
TNS   : 0.000

Type  : Fast 1100mV 0C Model Setup 'CLOCK_125_p'
Slack : 0.331
TNS   : 0.000

Type  : Fast 1100mV 0C Model Hold 'CLOCK_125_p'
Slack : 0.173
TNS   : 0.000

Type  : Fast 1100mV 0C Model Minimum Pulse Width 'CLOCK_125_p'
Slack : 0.086
TNS   : 0.000

------------------------------------------------------------
